test-app,test-class,"/api/test/.*"
test-app,test-class-all,"/api/.*"