rules:
  - event_type: request
    slo_matcher:
        domain: domain
    failure_criteria:
      - criterium: requestStatusHigherThan
        value: 500
    additional_metadata:
      slo_type: availability
